                                ;*** AILZ80ASM *** Z-80 Assembler, version 1.0.1.0, LST:Full:4
                                ;
                                ; JOY STICK #1の状態の取得と表示
                                ;
000000 3000                         org $3000
                                
       1FE2                     MPRINT  EQU $1FE2   ; CALL命令後、0の前まで文字を出力する
       1FF4                     PRINT   EQU $1FF4   ; Ａﾚｼﾞｽﾀをｱｽｷｰｺｰﾄﾞとみなし表示する（１文字表示）
       201E                     LOC     EQU $201E   ; カーソル位置設定
                                
000000 3000 CDE21F          17      CALL MPRINT
000003 3003 0C                      DB 12 ; 画面クリア
000004 3004 4A4F592053544943        DB "JOY STICK TEST"
            4B2054455354        
000012 3012 0D00                    DB 13, 0
                                
       3014                     LOOP:
                                    ; 表示位置設定
000014 3014 210101          10      LD HL,$0101
000017 3017 CD1E20          17      CALL LOC
                                    ; 取得
00001A 301A CD3130          17      CALL READ_JOY1
                                    ; 内容表示
00001D 301D CD2230          17      CALL PRNT_8
000020 3020 18F2            12      JR LOOP
                                
                                ;
                                ; 2進数8桁で表示
                                ;
       3022                     PRNT_8:
000022 3022 67               4      LD H,A
000023 3023 2E08             7      LD L,$08
       3025                     LOOP0:
000025 3025 CB14             8      RL H
000027 3027 3E18             7      LD A,$18 ; CY ? $30 : $31
000029 3029 8F               4      ADC A,A
00002A 302A CDF41F          17      CALL PRINT
00002D 302D 2D               4      DEC L
00002E 302E 20F5            12      JR NZ,LOOP0
000030 3030 C9              10      RET
                                
                                ;
                                ; JOY STICK #1の状態の取得
                                ;
       3031                     READ_JOY1:
000031 3031 010E1C          10      LD BC,$1C0E
000034 3034 F3               4      DI ; 割り込みが入ってレジスタに設定した値が変更されるのを防ぐ為に割り込みを無効にしている
000035 3035 ED49            12      OUT (C),C ; $1Cxx R14指定
000037 3037 05               4      DEC B
000038 3038 ED78            12      IN A,(C) ; $1Bxx
00003A 303A FB               4      EI
00003B 303B C9              10      RET
                                
                                ;
                                ; JOY STICK #2の状態の取得
                                ;
       303C                     READ_JOY2:
00003C 303C 010F1C          10      LD BC,$1C0F
00003F 303F F3               4      DI ; 割り込みが入ってレジスタに設定した値が変更されるのを防ぐ為に割り込みを無効にしている
000040 3040 ED49            12      OUT (C),C ; $1Cxx R15指定
000042 3042 05               4      DEC B
000043 3043 ED78            12      IN A,(C) ; $1Bxx
000045 3045 FB               4      EI
000046 3046 C9              10      RET
[EOF:testPad.z80:UTF_8]
