                                ;*** AILZ80ASM *** Z-80 Assembler, version 1.0.1.0, LST:Full:4
                                ;
                                ; S-OS FILE WRITE TEST
                                ;
                                ; ・#FILE、#WOPEN、#WRDのテスト
                                ; ・Aドライブに、アスキーファイルでファイル名「SOS_TEST.BAT」を作成する
                                ; ・エラーが発生した場合は、エラーを表示して終了する
                                ; ・書き込まれるファイルの内容は、バッチのテスト用で下記のテストを行うもの
                                ;   ・コメント 「;」
                                ;   ・ポーズ 「P」
                                ;   ・ディレクトリ表示 「D」
                                ;   ・ライトプロテクトの設定と解除 「ST」
                                ;
000000 3000                         org $3000
                                
       1FE2                     MPRINT  EQU $1FE2
       2033                     ERROR   EQU $2033
       1FA3                     FILE    EQU $1FA3
       1FAF                     WOPEN   EQU $1FAF
       1FAC                     WRD     EQU $1FAC
                                
       1F70                     DTADR   EQU $1F70
       1F72                     SIZE    EQU $1F72
       1F6E                     EXADR   EQU $1F6E
                                
000000 3000 CDE21F          17      CALL MPRINT
000003 3003 532D4F532046494C        DB "S-OS FILE WRITE TEST"
            4520575249544520    
            54455354            
000017 3017 0D00                    DB 13, 0
                                
                                    ;
                                    ; ファイルの書き込み
                                    ; 1. #FILE
                                    ; 2. #WOPEN
                                    ; 3. #WRD
                                    ;
                                
                                    ; 1. #FILE
000019 3019 CDE21F          17      CALL MPRINT
00001C 301C 532D4F532046494C        DB "S-OS FILE", 13, 0
            450D00              
000027 3027 3A7830          13      LD A,(FILE_ATTR)  ; ファイル属性
00002A 302A 117930          10      LD DE,FILE_NAME   ; ファイル名のアドレス
00002D 302D CDA31F          17      CALL FILE         ; IB(InfomationBlock)に設定
000030 3030 DA3320          10      JP C,ERROR        ; エラーが発生していたら表示して終了
                                
                                    ; 2. #WOPEN
000033 3033 CDE21F          17      CALL MPRINT
000036 3036 532D4F5320574F50        DB "S-OS WOPEN", 13, 0
            454E0D00            
000042 3042 218830          10      LD HL,DATA_ADDR   ; 書き込むデータのアドレス
000045 3045 22701F          16      LD (DTADR),HL
000048 3048 217902          10      LD HL,DATA_SIZE   ; 書き込むデータのサイズ（バイト単位）
00004B 304B 22721F          16      LD (SIZE),HL
00004E 304E 218830          10      LD HL,EXE_ADDR    ; 実行するときのアドレス アスキーファイルの場合どうなるんだろう？
000051 3051 226E1F          16      LD (EXADR),HL
000054 3054 CDAF1F          17      CALL WOPEN        ; ファイルを書き込みモードでオープン
000057 3057 DA3320          10      JP C,ERROR        ; エラーが発生していたら表示して終了
                                
                                    ; 3. #WRD
00005A 305A CDE21F          17      CALL MPRINT
00005D 305D 532D4F5320575244        DB "S-OS WRD", 13, 0
            0D00                
000067 3067 CDAC1F          17      CALL WRD          ; IB(InfomationBlock)の設定で書き込む
00006A 306A DA3320          10      JP C,ERROR        ; エラーが発生していたら表示して終了
                                
00006D 306D CDE21F          17      CALL MPRINT
000070 3070 45584954                DB "EXIT"
000074 3074 0D00                    DB 13, 0
000076 3076 B7               4      OR A ; CYをクリアして終了する
000077 3077 C9              10      RET
                                
                                ; ファイルの属性(ファイルモード)
                                ; $1 : バイナリファイル
                                ; $4 : アスキーファイル
       3078                     FILE_ATTR:
000078 3078 04                      DB $4
                                ; ファイル名は、13文字+"."+3文字
       3079                     FILE_NAME:
000079 3079 413A534F535F5445        DB "A:SOS_TEST.BAT", 0
            53542E42415400      
                                ; 書き込むデータ
       3088                     DATA_ADDR:
                                    ; コメント テスト
000088 3088 3B2D2D2D2D2D2D2D        DB ";----------------------------------", 13
            2D2D2D2D2D2D2D2D    
            2D2D2D2D2D2D2D2D    
            2D2D2D2D2D2D2D2D    
            2D2D2D0D            
0000AC 30AC 3B20202020202020        DB ";                                  ", 13
            2020202020202020    
            2020202020202020    
            2020202020202020    
            2020200D            
0000D0 30D0 3B20424154434820        DB "; BATCH FILE TEST                  ", 13
            46494C4520544553    
            5420202020202020    
            2020202020202020    
            2020200D            
0000F4 30F4 3B20202020202020        DB ";                                  ", 13
            2020202020202020    
            2020202020202020    
            2020202020202020    
            2020200D            
000118 3118 3B2D2D2D2D2D2D2D        DB ";----------------------------------", 13
            2D2D2D2D2D2D2D2D    
            2D2D2D2D2D2D2D2D    
            2D2D2D2D2D2D2D2D    
            2D2D2D0D            
                                    ; S-OS標準モニタのコマンド テスト
00013C 313C 4420413A0D              DB "D A:", 13              ; Aドライブのディレクトリの内容を表示
000141 3141 500D                    DB "P", 13                 ; 何か押されるまで待機、ブレイク(ESC)キーでバッチ処理停止
                                
000143 3143 3B20202020202020        DB ";                                  ", 13
            2020202020202020    
            2020202020202020    
            2020202020202020    
            2020200D            
000167 3167 3B20534554205052        DB "; SET PROTECT                      ", 13
            4F54454354202020    
            2020202020202020    
            2020202020202020    
            2020200D            
00018B 318B 3B20202020202020        DB ";                                  ", 13
            2020202020202020    
            2020202020202020    
            2020202020202020    
            2020200D            
0001AF 31AF 535420413A534F53        DB "ST A:SOS_TEST.BAT:P", 13   ; ライトプロテクトを設定
            5F544553542E4241    
            543A500D            
0001C3 31C3 4420413A0D              DB "D A:", 13
0001C8 31C8 500D                    DB "P", 13
                                
0001CA 31CA 3B20202020202020        DB ";                                 ", 13
            2020202020202020    
            2020202020202020    
            2020202020202020    
            20200D              
0001ED 31ED 3B20524553455420        DB "; RESET PROTECT                   ", 13
            50524F5445435420    
            2020202020202020    
            2020202020202020    
            20200D              
000210 3210 3B20202020202020        DB ";                                 ", 13
            2020202020202020    
            2020202020202020    
            2020202020202020    
            20200D              
000233 3233 535420413A534F53        DB "ST A:SOS_TEST.BAT:R", 13   ; ライトプロテクトを解除
            5F544553542E4241    
            543A520D            
000247 3247 4420413A0D              DB "D A:", 13
00024C 324C 500D                    DB "P", 13
                                
                                    ; バイナリのRUNコマンドテスト
00024E 324E 3B20202020202020        DB ";                                 ", 13
            2020202020202020    
            2020202020202020    
            2020202020202020    
            20200D              
000271 3271 3B2052554E204249        DB "; RUN BINARY FILE                 ", 13
            4E4152592046494C    
            4520202020202020    
            2020202020202020    
            20200D              
000294 3294 3B20202020202020        DB ";                                 ", 13
            2020202020202020    
            2020202020202020    
            2020202020202020    
            20200D              
0002B7 32B7 2074657374476574        DB " testGetL.bin", 13    ; バイナリの実行テスト
            4C2E62696E0D        
0002C5 32C5 4241544348204649        DB "BATCH FILE TEST", 13  ; S-OS #GETLの入力のリダイレクション
            4C4520544553540D    
0002D5 32D5 2074657374476574        DB " testGetL.bin", 13    ; バイナリの実行テスト
            4C2E62696E0D        
0002E3 32E3 4142434445464748        DB "ABCDEFGHIJKLMNOPQRSTUVWXYZ", 13  ; S-OS #GETLの入力のリダイレクション
            494A4B4C4D4E4F50    
            5152535455565758    
            595A0D              
0002FE 32FE 500D00                  DB "P", 13, 0
                                
       3301                     DATA_ADDR_END:
                                ; 書き込むデータサイズ
       0279                     DATA_SIZE EQU DATA_ADDR_END - DATA_ADDR
                                ; 実行アドレス
       3088                     EXE_ADDR  EQU DATA_ADDR
[EOF:testWopen.z80:UTF_8]
