                                ;*** AILZ80ASM *** Z-80 Assembler, version 1.0.1.0, LST:Full:4
                                ;
                                ; X1 MODE GRAPHICS TEST
                                ;
                                ; ・同時アクセスモードをテスト
                                ; 　・白色の四角を同時アクセスモードを使って描画
                                ; ・青色の四角を通常モードで描画
                                ;
                                
000000 8000                         org $8000
                                
       1FE2                     MPRINT  EQU $1FE2
       1FBE                     PRTHL   EQU $1FBE
       1FEE                     LTNL    EQU $1FEE
                                
                                ; (Y AND 7) * 2^11 + (Y/8)*80
                                ; 800
                                
                                
000000 8000 CDE21F          17      CALL MPRINT
000003 8003 5831204D4F444520        DB "X1 MODE GRAPHICS TEST"
            4752415048494353    
            2054455354          
000018 8018 0D00                    DB 13, 0
                                
                                    ; GVRAM バンク0 表示
                                    ; GVRAM バンク0 アクセス
00001A 801A 01D01F          10      LD BC,$1FD0
00001D 801D AF               4      XOR A
00001E 801E ED79            12      OUT (C),A
                                
                                    ; グラフィックパレットの初期化
000020 8020 010010          10      LD BC,$1000
000023 8023 3EAA             7      LD A,$AA
000025 8025 ED79            12      OUT (C),A
000027 8027 010011          10      LD BC,$1100
00002A 802A 3ECC             7      LD A,$CC
00002C 802C ED79            12      OUT (C),A
00002E 802E 010012          10      LD BC,$1200
000031 8031 3EF0             7      LD A,$F0
000033 8033 ED79            12      OUT (C),A
                                
                                    ; 同時アクセスモードへ
000035 8035 01031A          10      LD BC,$1A03
000038 8038 3E8B             7      LD A, $8B
00003A 803A F3               4      DI
00003B 803B ED79            12      OUT (C),A
00003D 803D 3D               4      DEC A
00003E 803E ED79            12      OUT (C),A
                                
                                    ; B,R,Gへ書き込み
                                    ; 白 四角
000040 8040 012000          10      LD BC,$0020
000043 8043 3EFF             7      LD A,$FF
000045 8045 ED79            12      OUT (C),A
000047 8047 012008          10      LD BC,$0820
00004A 804A ED79            12      OUT (C),A
00004C 804C 012010          10      LD BC,$1020
00004F 804F ED79            12      OUT (C),A
000051 8051 012018          10      LD BC,$1820
000054 8054 ED79            12      OUT (C),A
                                
                                    ; 同時アクセスモード解除
000056 8056 ED78            12      IN A,(C)
000058 8058 FB               4      EI
                                
                                    ; 通常モードで 青 四角
000059 8059 012140          10      LD BC,$4021
00005C 805C 3EFF             7      LD A,$FF
00005E 805E ED79            12      OUT (C),A
000060 8060 012148          10      LD BC,$4821
000063 8063 ED79            12      OUT (C),A
000065 8065 012150          10      LD BC,$5021
000068 8068 ED79            12      OUT (C),A
00006A 806A 012158          10      LD BC,$5821
00006D 806D ED79            12      OUT (C),A
                                
00006F 806F B7               4      OR A
000070 8070 C9              10      RET
[EOF:testGRAM.z80:UTF_8]
